mode: set
final/test-runner-service/internal/httpserver/handlers.go:22.77,29.2 2 1
final/test-runner-service/internal/httpserver/handlers.go:32.75,34.2 1 1
final/test-runner-service/internal/httpserver/handlers.go:37.71,41.2 3 1
final/test-runner-service/internal/httpserver/handlers.go:44.74,49.19 4 1
final/test-runner-service/internal/httpserver/handlers.go:49.19,52.6 2 0
final/test-runner-service/internal/httpserver/handlers.go:54.5,54.22 1 1
final/test-runner-service/internal/httpserver/handlers.go:58.72,60.64 2 0
final/test-runner-service/internal/httpserver/handlers.go:60.64,63.6 2 0
final/test-runner-service/internal/httpserver/handlers.go:65.5,68.15 2 0
final/test-runner-service/internal/httpserver/handlers.go:68.15,71.23 3 0
final/test-runner-service/internal/httpserver/handlers.go:71.23,73.10 1 0
final/test-runner-service/internal/httpserver/handlers.go:74.9,74.58 1 0
final/test-runner-service/internal/httpserver/handlers.go:77.5,77.22 1 0
final/test-runner-service/internal/httpserver/handlers.go:81.67,84.19 3 0
final/test-runner-service/internal/httpserver/handlers.go:84.19,87.6 2 0
final/test-runner-service/internal/httpserver/handlers.go:88.5,88.22 1 0
final/test-runner-service/internal/httpserver/handlers.go:93.80,95.64 2 1
final/test-runner-service/internal/httpserver/handlers.go:95.64,98.6 2 0
final/test-runner-service/internal/httpserver/handlers.go:101.5,101.54 1 1
final/test-runner-service/internal/httpserver/handlers.go:101.54,102.71 1 1
final/test-runner-service/internal/httpserver/handlers.go:102.71,104.10 1 1
final/test-runner-service/internal/httpserver/handlers.go:107.5,112.7 2 1
final/test-runner-service/internal/httpserver/responses.go:8.54,11.2 2 1
final/test-runner-service/internal/httpserver/responses.go:13.68,16.2 2 0
final/test-runner-service/internal/httpserver/router.go:14.72,21.48 4 1
final/test-runner-service/internal/httpserver/router.go:21.48,22.78 1 1
final/test-runner-service/internal/httpserver/router.go:22.78,26.47 4 1
final/test-runner-service/internal/httpserver/router.go:26.47,29.14 2 0
final/test-runner-service/internal/httpserver/router.go:30.13,30.33 1 1
final/test-runner-service/internal/httpserver/router.go:35.5,48.13 8 1
final/test-runner-service/cmd/server/main.go:12.13,17.85 3 0
final/test-runner-service/cmd/server/main.go:17.85,19.6 1 0
final/test-runner-service/cmd/server/main.go:21.5,24.47 3 0
final/test-runner-service/internal/runs/store.go:16.30,18.2 1 0
final/test-runner-service/internal/runs/store.go:27.50,45.2 7 0
final/test-runner-service/internal/runs/store.go:47.62,52.19 4 0
final/test-runner-service/internal/runs/store.go:52.19,54.6 1 0
final/test-runner-service/internal/runs/store.go:56.5,58.30 3 0
final/test-runner-service/internal/runs/store.go:61.52,66.19 4 0
final/test-runner-service/internal/runs/store.go:66.19,68.6 1 0
final/test-runner-service/internal/runs/store.go:69.5,69.20 1 0
final/test-runner-service/internal/registry/cucumber_loader.go:9.65,11.19 2 0
final/test-runner-service/internal/registry/cucumber_loader.go:11.19,13.6 1 0
final/test-runner-service/internal/registry/cucumber_loader.go:14.5,15.54 2 0
final/test-runner-service/internal/registry/cucumber_loader.go:15.54,17.6 1 0
final/test-runner-service/internal/registry/cucumber_loader.go:18.5,19.15 2 0
final/test-runner-service/internal/registry/registry.go:10.30,14.2 1 0
final/test-runner-service/internal/registry/registry.go:16.58,17.32 1 0
final/test-runner-service/internal/registry/registry.go:17.32,19.41 2 0
final/test-runner-service/internal/registry/registry.go:19.41,21.10 1 0
final/test-runner-service/internal/registry/registry.go:22.9,22.19 1 0
final/test-runner-service/internal/registry/registry.go:24.5,24.22 1 0
final/test-runner-service/internal/registry/registry.go:27.85,28.32 1 0
final/test-runner-service/internal/registry/registry.go:28.32,30.6 1 0
final/test-runner-service/internal/registry/registry.go:31.5,32.12 2 0
final/test-runner-service/internal/registry/registry.go:32.12,34.6 1 0
final/test-runner-service/internal/registry/registry.go:35.5,35.20 1 0
final/test-runner-service/internal/registry/registry.go:39.62,40.19 1 0
final/test-runner-service/internal/registry/registry.go:40.19,42.6 1 0
final/test-runner-service/internal/registry/registry.go:43.5,43.32 1 0
final/test-runner-service/internal/registry/registry.go:43.32,45.6 1 0
final/test-runner-service/internal/registry/registry.go:46.5,46.40 1 0
final/test-runner-service/internal/runner/cucumber_runner.go:21.95,27.2 1 0
final/test-runner-service/internal/runner/cucumber_runner.go:30.90,32.19 2 0
final/test-runner-service/internal/runner/cucumber_runner.go:32.19,34.6 1 0
final/test-runner-service/internal/runner/cucumber_runner.go:36.5,41.36 5 0
final/test-runner-service/internal/runner/cucumber_runner.go:41.36,42.39 1 0
final/test-runner-service/internal/runner/cucumber_runner.go:42.39,43.39 1 0
final/test-runner-service/internal/runner/cucumber_runner.go:43.39,48.22 5 0
final/test-runner-service/internal/runner/cucumber_runner.go:51.9,51.18 1 0
final/test-runner-service/internal/runner/cucumber_runner.go:51.18,52.18 1 0
final/test-runner-service/internal/runner/cucumber_runner.go:56.5,56.15 1 0
final/test-runner-service/internal/runner/cucumber_runner.go:56.15,58.6 1 0
final/test-runner-service/internal/runner/cucumber_runner.go:61.5,62.54 2 0
final/test-runner-service/internal/runner/cucumber_runner.go:62.54,64.6 1 0
final/test-runner-service/internal/runner/cucumber_runner.go:66.5,92.19 11 0
final/test-runner-service/internal/runner/cucumber_runner.go:92.19,94.6 1 0
final/test-runner-service/internal/runner/cucumber_runner.go:97.5,101.34 4 0
